// Jest Snapshot v1, https://goo.gl/fbAQLP

exports[`renders correctly 1`] = `
<View
  style={
    Object {
      "flex": 1,
    }
  }
>
  <View
    style={
      Object {
        "width": 750,
      }
    }
  >
    <View
      onLayout={[Function]}
    >
      <View
        style={
          Object {
            "opacity": 1,
          }
        }
      >
        <View
          accessible={true}
          focusable={true}
          onClick={[Function]}
          onResponderGrant={[Function]}
          onResponderMove={[Function]}
          onResponderRelease={[Function]}
          onResponderTerminate={[Function]}
          onResponderTerminationRequest={[Function]}
          onStartShouldSetResponder={[Function]}
        >
          <View
            accessibilityIgnoresInvertColors={true}
            style={
              Object {
                "backgroundColor": "transparent",
                "position": "relative",
              }
            }
          >
            <Image
              onLoad={[Function]}
              source={
                Object {
                  "uri": "https://img.scryfall.com/cards/art_crop/front/a/4/a4cf1827-2ce6-4592-b213-858dcb115ae0.jpg?1573039783",
                }
              }
              style={
                Array [
                  Object {
                    "bottom": 0,
                    "left": 0,
                    "position": "absolute",
                    "right": 0,
                    "top": 0,
                  },
                  Object {
                    "height": 200,
                    "width": 750,
                  },
                ]
              }
              testID="RNE__Image"
              theme={
                Object {
                  "colors": Object {
                    "disabled": "hsl(208, 8%, 90%)",
                    "divider": "#bcbbc1",
                    "error": "#ff190c",
                    "grey0": "#393e42",
                    "grey1": "#43484d",
                    "grey2": "#5e6977",
                    "grey3": "#86939e",
                    "grey4": "#bdc6cf",
                    "grey5": "#e1e8ee",
                    "greyOutline": "#bbb",
                    "platform": Object {
                      "android": Object {
                        "error": "#f44336",
                        "primary": "#2196f3",
                        "secondary": "#9C27B0",
                        "success": "#4caf50",
                        "warning": "#ffeb3b",
                      },
                      "ios": Object {
                        "error": "#ff3b30",
                        "primary": "#007aff",
                        "secondary": "#5856d6",
                        "success": "#4cd964",
                        "warning": "#ffcc00",
                      },
                    },
                    "primary": "#2089dc",
                    "searchBg": "#303337",
                    "secondary": "#8F0CE8",
                    "success": "#52c41a",
                    "warning": "#faad14",
                  },
                }
              }
            />
            <View
              accessibilityElementsHidden={true}
              importantForAccessibility="no-hide-descendants"
              pointerEvents="none"
              style={
                Object {
                  "bottom": 0,
                  "left": 0,
                  "opacity": 1,
                  "position": "absolute",
                  "right": 0,
                  "top": 0,
                }
              }
            >
              <View
                style={
                  Object {
                    "alignItems": "center",
                    "backgroundColor": "#bdbdbd",
                    "height": 200,
                    "justifyContent": "center",
                    "width": 750,
                  }
                }
                testID="RNE__Image__placeholder"
              />
            </View>
            <View
              style={
                Object {
                  "height": 200,
                  "width": 750,
                }
              }
            />
          </View>
        </View>
      </View>
      <Modal
        hardwareAccelerated={false}
        onRequestClose={[Function]}
        transparent={true}
        visible={false}
      >
        <View
          style={
            Object {
              "backgroundColor": "black",
              "height": 1334,
              "left": 0,
              "opacity": 0,
              "position": "absolute",
              "top": 0,
              "width": 750,
            }
          }
        />
        <View
          onMoveShouldSetResponder={[Function]}
          onMoveShouldSetResponderCapture={[Function]}
          onResponderEnd={[Function]}
          onResponderGrant={[Function]}
          onResponderMove={[Function]}
          onResponderReject={[Function]}
          onResponderRelease={[Function]}
          onResponderStart={[Function]}
          onResponderTerminate={[Function]}
          onResponderTerminationRequest={[Function]}
          onStartShouldSetResponder={[Function]}
          onStartShouldSetResponderCapture={[Function]}
          style={
            Object {
              "backgroundColor": "transparent",
              "flex": 1,
              "height": 0,
              "justifyContent": "center",
              "left": 0,
              "position": "absolute",
              "top": 0,
              "width": 0,
            }
          }
        >
          <View
            accessibilityIgnoresInvertColors={true}
            style={
              Object {
                "backgroundColor": "transparent",
                "position": "relative",
              }
            }
          >
            <Image
              onLoad={[Function]}
              source={
                Object {
                  "uri": "https://img.scryfall.com/cards/art_crop/front/a/4/a4cf1827-2ce6-4592-b213-858dcb115ae0.jpg?1573039783",
                }
              }
              style={
                Array [
                  Object {
                    "bottom": 0,
                    "left": 0,
                    "position": "absolute",
                    "right": 0,
                    "top": 0,
                  },
                  Object {
                    "height": 200,
                    "width": 750,
                  },
                ]
              }
              testID="RNE__Image"
              theme={
                Object {
                  "colors": Object {
                    "disabled": "hsl(208, 8%, 90%)",
                    "divider": "#bcbbc1",
                    "error": "#ff190c",
                    "grey0": "#393e42",
                    "grey1": "#43484d",
                    "grey2": "#5e6977",
                    "grey3": "#86939e",
                    "grey4": "#bdc6cf",
                    "grey5": "#e1e8ee",
                    "greyOutline": "#bbb",
                    "platform": Object {
                      "android": Object {
                        "error": "#f44336",
                        "primary": "#2196f3",
                        "secondary": "#9C27B0",
                        "success": "#4caf50",
                        "warning": "#ffeb3b",
                      },
                      "ios": Object {
                        "error": "#ff3b30",
                        "primary": "#007aff",
                        "secondary": "#5856d6",
                        "success": "#4cd964",
                        "warning": "#ffcc00",
                      },
                    },
                    "primary": "#2089dc",
                    "searchBg": "#303337",
                    "secondary": "#8F0CE8",
                    "success": "#52c41a",
                    "warning": "#faad14",
                  },
                }
              }
            />
            <View
              accessibilityElementsHidden={true}
              importantForAccessibility="no-hide-descendants"
              pointerEvents="none"
              style={
                Object {
                  "bottom": 0,
                  "left": 0,
                  "opacity": 1,
                  "position": "absolute",
                  "right": 0,
                  "top": 0,
                }
              }
            >
              <View
                style={
                  Object {
                    "alignItems": "center",
                    "backgroundColor": "#bdbdbd",
                    "height": 200,
                    "justifyContent": "center",
                    "width": 750,
                  }
                }
                testID="RNE__Image__placeholder"
              />
            </View>
            <View
              style={
                Object {
                  "height": 200,
                  "width": 750,
                }
              }
            />
          </View>
        </View>
        <View
          style={
            Object {
              "backgroundColor": "transparent",
              "left": 0,
              "opacity": 0,
              "position": "absolute",
              "top": 0,
              "width": 750,
            }
          }
        >
          <View
            accessible={true}
            focusable={true}
            onClick={[Function]}
            onResponderGrant={[Function]}
            onResponderMove={[Function]}
            onResponderRelease={[Function]}
            onResponderTerminate={[Function]}
            onResponderTerminationRequest={[Function]}
            onStartShouldSetResponder={[Function]}
            style={
              Object {
                "opacity": 1,
              }
            }
          >
            <Text
              style={
                Object {
                  "color": "white",
                  "fontSize": 35,
                  "lineHeight": 40,
                  "shadowColor": "black",
                  "shadowOffset": Object {
                    "height": 0,
                    "width": 0,
                  },
                  "shadowOpacity": 0.8,
                  "shadowRadius": 1.5,
                  "textAlign": "center",
                  "width": 40,
                }
              }
            >
              ×
            </Text>
          </View>
        </View>
      </Modal>
    </View>
    <View
      pointerEvents="none"
      style={
        Object {
          "backgroundColor": "rgba(0, 0, 0, 0.2)",
          "height": 200,
          "position": "absolute",
          "top": 0,
          "width": 750,
        }
      }
    />
    <Text
      pointerEvents="none"
      style={
        Object {
          "bottom": 0,
          "color": "white",
          "fontSize": 35,
          "padding": 15,
          "position": "absolute",
          "width": 750,
        }
      }
      theme={
        Object {
          "colors": Object {
            "disabled": "hsl(208, 8%, 90%)",
            "divider": "#bcbbc1",
            "error": "#ff190c",
            "grey0": "#393e42",
            "grey1": "#43484d",
            "grey2": "#5e6977",
            "grey3": "#86939e",
            "grey4": "#bdc6cf",
            "grey5": "#e1e8ee",
            "greyOutline": "#bbb",
            "platform": Object {
              "android": Object {
                "error": "#f44336",
                "primary": "#2196f3",
                "secondary": "#9C27B0",
                "success": "#4caf50",
                "warning": "#ffeb3b",
              },
              "ios": Object {
                "error": "#ff3b30",
                "primary": "#007aff",
                "secondary": "#5856d6",
                "success": "#4cd964",
                "warning": "#ffcc00",
              },
            },
            "primary": "#2089dc",
            "searchBg": "#303337",
            "secondary": "#8F0CE8",
            "success": "#52c41a",
            "warning": "#faad14",
          },
        }
      }
    >
      Dungeon Master
    </Text>
  </View>
  <View
    style={
      Object {
        "margin": 15,
      }
    }
  >
    <SvgMock
      height={30}
      width={30}
    />
  </View>
  <View
    style={
      Object {
        "margin": 15,
      }
    }
  >
    <SvgMock
      height={30}
      width={30}
    />
  </View>
  <Text
    style={
      Object {
        "margin": 15,
        "marginTop": 0,
      }
    }
    theme={
      Object {
        "colors": Object {
          "disabled": "hsl(208, 8%, 90%)",
          "divider": "#bcbbc1",
          "error": "#ff190c",
          "grey0": "#393e42",
          "grey1": "#43484d",
          "grey2": "#5e6977",
          "grey3": "#86939e",
          "grey4": "#bdc6cf",
          "grey5": "#e1e8ee",
          "greyOutline": "#bbb",
          "platform": Object {
            "android": Object {
              "error": "#f44336",
              "primary": "#2196f3",
              "secondary": "#9C27B0",
              "success": "#4caf50",
              "warning": "#ffeb3b",
            },
            "ios": Object {
              "error": "#ff3b30",
              "primary": "#007aff",
              "secondary": "#5856d6",
              "success": "#4cd964",
              "warning": "#ffcc00",
            },
          },
          "primary": "#2089dc",
          "searchBg": "#303337",
          "secondary": "#8F0CE8",
          "success": "#52c41a",
          "warning": "#faad14",
        },
      }
    }
  >
    +1: Target opponent creates a 1/1 black Skeleton creature token with "When this creature dies, each opponent gains 2 life."
+1: Roll a d20. If you roll a 1, skip your next turn. If you roll a 12 or higher, draw a card.
−6: You get an adventuring party. (Your party is a 3/3 red Fighter with first strike, a 1/1 white Cleric with lifelink, a 2/2 black Rogue with hexproof, and a 1/1 blue Wizard with flying.)
  </Text>
</View>
`;
